 ________________________________________
/ Such a fine first dream! But they      \
| laughed at me; they said I had made it |
\ up.                                    /
 ----------------------------------------
        \   ^__^
         \  (oo)\_______
            (__)\       )\/\
                ||----w |
                ||     ||
[student@localhost lcdLib]$dir
font-11x16.c  font-5x7.o   lcddemo.c  lcddraw.o   lcdutils.h  README.md
font-11x16.o  font-8x12.c  lcddraw.c  lcdtypes.h  lcdutils.o
font-5x7.c    font-8x12.o  lcddraw.h  lcdutils.c  Makefile
[student@localhost lcdLib]$ cd ..
[student@localhost project-3-jgonzales10]$ dir
circleLib  h	   lib	     p2sw-demo	README.md  shape-motion-demo
Doxyfile   lcdLib  Makefile  p2swLib	shapeLib   timerLib
[student@localhost project-3-jgonzales10]$ cd lcdLib
[student@localhost lcdLib]$ dir
font-11x16.c  font-5x7.o   lcddemo.c  lcddraw.o   lcdutils.h  README.md
font-11x16.o  font-8x12.c  lcddraw.c  lcdtypes.h  lcdutils.o
font-5x7.c    font-8x12.o  lcddraw.h  lcdutils.c  Makefile
[student@localhost lcdLib]$ make load
msp430-elf-gcc -mmcu=msp430g2553 -Os -I../h    -c -o lcddemo.o lcddemo.c
msp430-elf-ar crs libLcd.a font-11x16.o font-5x7.o font-8x12.o lcdutils.o lcddraw.o
msp430-elf-gcc -mmcu=msp430g2553 -Os -I../h  -L/opt/ti/msp430_gcc/include -L../lib  lcddemo.o libLcd.a -o lcddemo.elf -lTimer 
mspdebug rf2500 "prog lcddemo.elf"
MSPDebug version 0.23 - debugging tool for MSP430 MCUs
Copyright (C) 2009-2015 Daniel Beer <dlbeer@gmail.com>
This is free software; see the source for copying conditions.  There is NO
warranty; not even for MERCHANTABILITY or FITNESS FOR A PARTICULAR PURPOSE.
Chip info database from MSP430.dll v3.3.1.4 Copyright (C) 2013 TI, Inc.

Trying to open interface 1 on 004
Initializing FET...
FET protocol version is 30394216
Set Vcc: 3000 mV
Configured for Spy-Bi-Wire
Device ID: 0x2553
  Code start address: 0xc000
  Code size         : 16384 byte = 16 kb
  RAM  start address: 0x200
  RAM  end   address: 0x3ff
  RAM  size         : 512 byte = 0 kb
Device: MSP430G2xx3
Number of breakpoints: 2
fet: FET returned NAK
warning: device does not support power profiling
Chip ID data: 25 53
Erasing...
Programming...
Writing    2 bytes at fffe [section: __reset_vector]...
Writing  490 bytes at c000 [section: .rodata]...
Writing   12 bytes at c1ec [section: .rodata2]...
Writing 1770 bytes at c1f8 [section: .text]...
Writing  128 bytes at c8e2 [section: .data]...
Done, 2402 bytes total
[student@localhost lcdLib]$ dir
font-11x16.c  font-8x12.c  lcddemo.o  lcdtypes.h  libLcd.a
font-11x16.o  font-8x12.o  lcddraw.c  lcdutils.c  Makefile
font-5x7.c    lcddemo.c    lcddraw.h  lcdutils.h  README.md
font-5x7.o    lcddemo.elf  lcddraw.o  lcdutils.o
[student@localhost lcdLib]$ cd ..
[student@localhost project-3-jgonzales10]$ dir
circleLib  h	   lib	     p2sw-demo	README.md  shape-motion-demo
Doxyfile   lcdLib  Makefile  p2swLib	shapeLib   timerLib
[student@localhost project-3-jgonzales10]$cd p2sw-demo/
[student@localhost p2sw-demo]$ make load
mspdebug rf2500 "prog p2sw-demo.elf"
MSPDebug version 0.23 - debugging tool for MSP430 MCUs
Copyright (C) 2009-2015 Daniel Beer <dlbeer@gmail.com>
This is free software; see the source for copying conditions.  There is NO
warranty; not even for MERCHANTABILITY or FITNESS FOR A PARTICULAR PURPOSE.
Chip info database from MSP430.dll v3.3.1.4 Copyright (C) 2013 TI, Inc.

Trying to open interface 1 on 004
rf2500: warning: can't detach kernel driver: No such file or directory
Initializing FET...
FET protocol version is 30394216
Set Vcc: 3000 mV
Configured for Spy-Bi-Wire
fet: FET returned error code 4 (Could not find device or device not supported)
fet: command C_IDENT1 failed
Using Olimex identification procedure
Device ID: 0x2553
  Code start address: 0xc000
  Code size         : 16384 byte = 16 kb
  RAM  start address: 0x200
  RAM  end   address: 0x3ff
  RAM  size         : 512 byte = 0 kb
Device: MSP430G2xx3
Number of breakpoints: 2
fet: FET returned NAK
warning: device does not support power profiling
Chip ID data: 25 53
Erasing...
Programming...
Writing    2 bytes at ffe6 [section: __interrupt_vector_4]...
Writing    2 bytes at fffe [section: __reset_vector]...
Writing  490 bytes at c000 [section: .rodata]...
Writing   12 bytes at c1ec [section: .rodata2]...
Writing 2072 bytes at c1f8 [section: .text]...
Writing    6 bytes at ca10 [section: .data]...
Done, 2584 bytes total
[student@localhost p2sw-demo]$ make load
msp430-elf-gcc -mmcu=msp430g2553 -Os -I../h   -c -o p2sw-demo.o p2sw-demo.c
msp430-elf-gcc -mmcu=msp430g2553 -Os -I../h -L../lib -L/opt/ti/msp430_gcc/include/  -o p2sw-demo.elf p2sw-demo.o -lLcd -lp2sw -lTimer
mspdebug rf2500 "prog p2sw-demo.elf"
MSPDebug version 0.23 - debugging tool for MSP430 MCUs
Copyright (C) 2009-2015 Daniel Beer <dlbeer@gmail.com>
This is free software; see the source for copying conditions.  There is NO
warranty; not even for MERCHANTABILITY or FITNESS FOR A PARTICULAR PURPOSE.
Chip info database from MSP430.dll v3.3.1.4 Copyright (C) 2013 TI, Inc.

Trying to open interface 1 on 004
rf2500: warning: can't detach kernel driver: No such file or directory
Initializing FET...
FET protocol version is 30394216
Set Vcc: 3000 mV
Configured for Spy-Bi-Wire
fet: FET returned error code 4 (Could not find device or device not supported)
fet: command C_IDENT1 failed
Using Olimex identification procedure
Device ID: 0x2553
  Code start address: 0xc000
  Code size         : 16384 byte = 16 kb
  RAM  start address: 0x200
  RAM  end   address: 0x3ff
  RAM  size         : 512 byte = 0 kb
Device: MSP430G2xx3
Number of breakpoints: 2
fet: FET returned NAK
warning: device does not support power profiling
Chip ID data: 25 53
Erasing...
Programming...
Writing    2 bytes at ffe6 [section: __interrupt_vector_4]...
Writing    2 bytes at fffe [section: __reset_vector]...
Writing  490 bytes at c000 [section: .rodata]...
Writing   12 bytes at c1ec [section: .rodata2]...
Writing 2072 bytes at c1f8 [section: .text]...
Writing    6 bytes at ca10 [section: .data]...
Done, 2584 bytes total
[student@localhost p2sw-demo]$ make load
msp430-elf-gcc -mmcu=msp430g2553 -Os -I../h   -c -o p2sw-demo.o p2sw-demo.c
msp430-elf-gcc -mmcu=msp430g2553 -Os -I../h -L../lib -L/opt/ti/msp430_gcc/include/  -o p2sw-demo.elf p2sw-demo.o -lLcd -lp2sw -lTimer
mspdebug rf2500 "prog p2sw-demo.elf"
MSPDebug version 0.23 - debugging tool for MSP430 MCUs
Copyright (C) 2009-2015 Daniel Beer <dlbeer@gmail.com>
This is free software; see the source for copying conditions.  There is NO
warranty; not even for MERCHANTABILITY or FITNESS FOR A PARTICULAR PURPOSE.
Chip info database from MSP430.dll v3.3.1.4 Copyright (C) 2013 TI, Inc.

Trying to open interface 1 on 004
rf2500: warning: can't detach kernel driver: No such file or directory
Initializing FET...
FET protocol version is 30394216
Set Vcc: 3000 mV
Configured for Spy-Bi-Wire
fet: FET returned error code 4 (Could not find device or device not supported)
fet: command C_IDENT1 failed
Using Olimex identification procedure
Device ID: 0x2553
  Code start address: 0xc000
  Code size         : 16384 byte = 16 kb
  RAM  start address: 0x200
  RAM  end   address: 0x3ff
  RAM  size         : 512 byte = 0 kb
Device: MSP430G2xx3
Number of breakpoints: 2
fet: FET returned NAK
warning: device does not support power profiling
Chip ID data: 25 53
Erasing...
Programming...
Writing    2 bytes at ffe6 [section: __interrupt_vector_4]...
Writing    2 bytes at fffe [section: __reset_vector]...
Writing  490 bytes at c000 [section: .rodata]...
Writing   12 bytes at c1ec [section: .rodata2]...
Writing 2072 bytes at c1f8 [section: .text]...
Writing    6 bytes at ca10 [section: .data]...
Done, 2584 bytes total
[student@localhost p2sw-demo]$ make load
msp430-elf-gcc -mmcu=msp430g2553 -Os -I../h   -c -o p2sw-demo.o p2sw-demo.c
msp430-elf-gcc -mmcu=msp430g2553 -Os -I../h -L../lib -L/opt/ti/msp430_gcc/include/  -o p2sw-demo.elf p2sw-demo.o -lLcd -lp2sw -lTimer
mspdebug rf2500 "prog p2sw-demo.elf"
MSPDebug version 0.23 - debugging tool for MSP430 MCUs
Copyright (C) 2009-2015 Daniel Beer <dlbeer@gmail.com>
This is free software; see the source for copying conditions.  There is NO
warranty; not even for MERCHANTABILITY or FITNESS FOR A PARTICULAR PURPOSE.
Chip info database from MSP430.dll v3.3.1.4 Copyright (C) 2013 TI, Inc.

Trying to open interface 1 on 004
rf2500: warning: can't detach kernel driver: No such file or directory
Initializing FET...
FET protocol version is 30394216
Set Vcc: 3000 mV
Configured for Spy-Bi-Wire
fet: FET returned error code 4 (Could not find device or device not supported)
fet: command C_IDENT1 failed
Using Olimex identification procedure
Device ID: 0x2553
  Code start address: 0xc000
  Code size         : 16384 byte = 16 kb
  RAM  start address: 0x200
  RAM  end   address: 0x3ff
  RAM  size         : 512 byte = 0 kb
Device: MSP430G2xx3
Number of breakpoints: 2
fet: FET returned NAK
warning: device does not support power profiling
Chip ID data: 25 53
Erasing...
Programming...
Writing    2 bytes at ffe6 [section: __interrupt_vector_4]...
Writing    2 bytes at fffe [section: __reset_vector]...
Writing  490 bytes at c000 [section: .rodata]...
Writing   12 bytes at c1ec [section: .rodata2]...
Writing 2070 bytes at c1f8 [section: .text]...
Writing    6 bytes at ca0e [section: .data]...
Done, 2582 bytes total
[student@localhost p2sw-demo]$ make load
msp430-elf-gcc -mmcu=msp430g2553 -Os -I../h   -c -o p2sw-demo.o p2sw-demo.c
msp430-elf-gcc -mmcu=msp430g2553 -Os -I../h -L../lib -L/opt/ti/msp430_gcc/include/  -o p2sw-demo.elf p2sw-demo.o -lLcd -lp2sw -lTimer
mspdebug rf2500 "prog p2sw-demo.elf"
MSPDebug version 0.23 - debugging tool for MSP430 MCUs
Copyright (C) 2009-2015 Daniel Beer <dlbeer@gmail.com>
This is free software; see the source for copying conditions.  There is NO
warranty; not even for MERCHANTABILITY or FITNESS FOR A PARTICULAR PURPOSE.
Chip info database from MSP430.dll v3.3.1.4 Copyright (C) 2013 TI, Inc.

Trying to open interface 1 on 004
rf2500: warning: can't detach kernel driver: No such file or directory
Initializing FET...
FET protocol version is 30394216
Set Vcc: 3000 mV
Configured for Spy-Bi-Wire
fet: FET returned error code 4 (Could not find device or device not supported)
fet: command C_IDENT1 failed
Using Olimex identification procedure
Device ID: 0x2553
  Code start address: 0xc000
  Code size         : 16384 byte = 16 kb
  RAM  start address: 0x200
  RAM  end   address: 0x3ff
  RAM  size         : 512 byte = 0 kb
Device: MSP430G2xx3
Number of breakpoints: 2
fet: FET returned NAK
warning: device does not support power profiling
Chip ID data: 25 53
Erasing...
Programming...
Writing    2 bytes at ffe6 [section: __interrupt_vector_4]...
Writing    2 bytes at fffe [section: __reset_vector]...
Writing  490 bytes at c000 [section: .rodata]...
Writing   12 bytes at c1ec [section: .rodata2]...
Writing 2072 bytes at c1f8 [section: .text]...
Writing    6 bytes at ca10 [section: .data]...
Done, 2584 bytes total
[student@localhost p2sw-demo]$ make load
msp430-elf-gcc -mmcu=msp430g2553 -Os -I../h   -c -o p2sw-demo.o p2sw-demo.c
p2sw-demo.c: In function 'main':
p2sw-demo.c:27:38: warning: multi-character character constant [-Wmultichar]
       str[i] = (switches & (1<<i)) ? 'up' : '0'+i;
                                      ^~~~
msp430-elf-gcc -mmcu=msp430g2553 -Os -I../h -L../lib -L/opt/ti/msp430_gcc/include/  -o p2sw-demo.elf p2sw-demo.o -lLcd -lp2sw -lTimer
mspdebug rf2500 "prog p2sw-demo.elf"
MSPDebug version 0.23 - debugging tool for MSP430 MCUs
Copyright (C) 2009-2015 Daniel Beer <dlbeer@gmail.com>
This is free software; see the source for copying conditions.  There is NO
warranty; not even for MERCHANTABILITY or FITNESS FOR A PARTICULAR PURPOSE.
Chip info database from MSP430.dll v3.3.1.4 Copyright (C) 2013 TI, Inc.

Trying to open interface 1 on 004
rf2500: warning: can't detach kernel driver: No such file or directory
Initializing FET...
FET protocol version is 30394216
Set Vcc: 3000 mV
Configured for Spy-Bi-Wire
fet: FET returned error code 4 (Could not find device or device not supported)
fet: command C_IDENT1 failed
Using Olimex identification procedure
Device ID: 0x2553
  Code start address: 0xc000
  Code size         : 16384 byte = 16 kb
  RAM  start address: 0x200
  RAM  end   address: 0x3ff
  RAM  size         : 512 byte = 0 kb
Device: MSP430G2xx3
Number of breakpoints: 2
fet: FET returned NAK
warning: device does not support power profiling
Chip ID data: 25 53
Erasing...
Programming...
Writing    2 bytes at ffe6 [section: __interrupt_vector_4]...
Writing    2 bytes at fffe [section: __reset_vector]...
Writing  490 bytes at c000 [section: .rodata]...
Writing   12 bytes at c1ec [section: .rodata2]...
Writing 2072 bytes at c1f8 [section: .text]...
Writing    6 bytes at ca10 [section: .data]...
Done, 2584 bytes total
[student@localhost p2sw-demo]$ make laod
make: *** No rule to make target 'laod'.  Stop.
[student@localhost p2sw-demo]$ make load
msp430-elf-gcc -mmcu=msp430g2553 -Os -I../h   -c -o p2sw-demo.o p2sw-demo.c
p2sw-demo.c: In function 'main':
p2sw-demo.c:27:43: warning: pointer/integer type mismatch in conditional expression
       str[i] = (switches & (1<<i)) ? "up" : '0'+i;
                                           ^
p2sw-demo.c:27:14: warning: assignment makes integer from pointer without a cast [-Wint-conversion]
       str[i] = (switches & (1<<i)) ? "up" : '0'+i;
              ^
msp430-elf-gcc -mmcu=msp430g2553 -Os -I../h -L../lib -L/opt/ti/msp430_gcc/include/  -o p2sw-demo.elf p2sw-demo.o -lLcd -lp2sw -lTimer
mspdebug rf2500 "prog p2sw-demo.elf"
MSPDebug version 0.23 - debugging tool for MSP430 MCUs
Copyright (C) 2009-2015 Daniel Beer <dlbeer@gmail.com>
This is free software; see the source for copying conditions.  There is NO
warranty; not even for MERCHANTABILITY or FITNESS FOR A PARTICULAR PURPOSE.
Chip info database from MSP430.dll v3.3.1.4 Copyright (C) 2013 TI, Inc.

Trying to open interface 1 on 004
rf2500: warning: can't detach kernel driver: No such file or directory
Initializing FET...
FET protocol version is 30394216
Set Vcc: 3000 mV
Configured for Spy-Bi-Wire
fet: FET returned error code 4 (Could not find device or device not supported)
fet: command C_IDENT1 failed
Using Olimex identification procedure
Device ID: 0x2553
  Code start address: 0xc000
  Code size         : 16384 byte = 16 kb
  RAM  start address: 0x200
  RAM  end   address: 0x3ff
  RAM  size         : 512 byte = 0 kb
Device: MSP430G2xx3
Number of breakpoints: 2
fet: FET returned NAK
warning: device does not support power profiling
Chip ID data: 25 53
Erasing...
Programming...
Writing    2 bytes at ffe6 [section: __interrupt_vector_4]...
Writing    2 bytes at fffe [section: __reset_vector]...
Writing  493 bytes at c000 [section: .rodata]...
Writing   12 bytes at c1f0 [section: .rodata2]...
Writing 2072 bytes at c1fc [section: .text]...
Writing    6 bytes at ca14 [section: .data]...
Done, 2587 bytes total
[student@localhost p2sw-demo]$ make load
msp430-elf-gcc -mmcu=msp430g2553 -Os -I../h   -c -o p2sw-demo.o p2sw-demo.c
msp430-elf-gcc -mmcu=msp430g2553 -Os -I../h -L../lib -L/opt/ti/msp430_gcc/include/  -o p2sw-demo.elf p2sw-demo.o -lLcd -lp2sw -lTimer
mspdebug rf2500 "prog p2sw-demo.elf"
MSPDebug version 0.23 - debugging tool for MSP430 MCUs
Copyright (C) 2009-2015 Daniel Beer <dlbeer@gmail.com>
This is free software; see the source for copying conditions.  There is NO
warranty; not even for MERCHANTABILITY or FITNESS FOR A PARTICULAR PURPOSE.
Chip info database from MSP430.dll v3.3.1.4 Copyright (C) 2013 TI, Inc.

Trying to open interface 1 on 004
rf2500: warning: can't detach kernel driver: No such file or directory
Initializing FET...
FET protocol version is 30394216
Set Vcc: 3000 mV
Configured for Spy-Bi-Wire
fet: FET returned error code 4 (Could not find device or device not supported)
fet: command C_IDENT1 failed
Using Olimex identification procedure
Device ID: 0x2553
  Code start address: 0xc000
  Code size         : 16384 byte = 16 kb
  RAM  start address: 0x200
  RAM  end   address: 0x3ff
  RAM  size         : 512 byte = 0 kb
Device: MSP430G2xx3
Number of breakpoints: 2
fet: FET returned NAK
warning: device does not support power profiling
Chip ID data: 25 53
Erasing...
Programming...
Writing    2 bytes at ffe6 [section: __interrupt_vector_4]...
Writing    2 bytes at fffe [section: __reset_vector]...
Writing  490 bytes at c000 [section: .rodata]...
Writing   12 bytes at c1ec [section: .rodata2]...
Writing 2072 bytes at c1f8 [section: .text]...
Writing    6 bytes at ca10 [section: .data]...
Done, 2584 bytes total
[student@localhost p2sw-demo]$ make load
msp430-elf-gcc -mmcu=msp430g2553 -Os -I../h   -c -o p2sw-demo.o p2sw-demo.c
p2sw-demo.c: In function 'main':
p2sw-demo.c:31:6: error: 'switches' undeclared (first use in this function)
   if(switches == 0){
      ^~~~~~~~
p2sw-demo.c:31:6: note: each undeclared identifier is reported only once for each function it appears in
p2sw-demo.c:32:5: warning: implicit declaration of function 'drawStrin5x7' [-Wimplicit-function-declaration]
     drawStrin5x7(5,5, "zero", COLOR_GREEN, COLOR_BLUE);
     ^~~~~~~~~~~~
make: *** [<builtin>: p2sw-demo.o] Error 1
[student@localhost p2sw-demo]$ make load
msp430-elf-gcc -mmcu=msp430g2553 -Os -I../h   -c -o p2sw-demo.o p2sw-demo.c
p2sw-demo.c: In function 'main':
p2sw-demo.c:31:6: error: 'switches' undeclared (first use in this function)
   if(switches == 0){
      ^~~~~~~~
p2sw-demo.c:31:6: note: each undeclared identifier is reported only once for each function it appears in
make: *** [<builtin>: p2sw-demo.o] Error 1
[student@localhost p2sw-demo]$ make load
msp430-elf-gcc -mmcu=msp430g2553 -Os -I../h   -c -o p2sw-demo.o p2sw-demo.c
msp430-elf-gcc -mmcu=msp430g2553 -Os -I../h -L../lib -L/opt/ti/msp430_gcc/include/  -o p2sw-demo.elf p2sw-demo.o -lLcd -lp2sw -lTimer
mspdebug rf2500 "prog p2sw-demo.elf"
MSPDebug version 0.23 - debugging tool for MSP430 MCUs
Copyright (C) 2009-2015 Daniel Beer <dlbeer@gmail.com>
This is free software; see the source for copying conditions.  There is NO
warranty; not even for MERCHANTABILITY or FITNESS FOR A PARTICULAR PURPOSE.
Chip info database from MSP430.dll v3.3.1.4 Copyright (C) 2013 TI, Inc.

Trying to open interface 1 on 004
rf2500: warning: can't detach kernel driver: No such file or directory
Initializing FET...
FET protocol version is 30394216
Set Vcc: 3000 mV
Configured for Spy-Bi-Wire
fet: FET returned error code 4 (Could not find device or device not supported)
fet: command C_IDENT1 failed
Using Olimex identification procedure
Device ID: 0x2553
  Code start address: 0xc000
  Code size         : 16384 byte = 16 kb
  RAM  start address: 0x200
  RAM  end   address: 0x3ff
  RAM  size         : 512 byte = 0 kb
Device: MSP430G2xx3
Number of breakpoints: 2
fet: FET returned NAK
warning: device does not support power profiling
Chip ID data: 25 53
Erasing...
Programming...
Writing    2 bytes at ffe6 [section: __interrupt_vector_4]...
Writing    2 bytes at fffe [section: __reset_vector]...
Writing  490 bytes at c000 [section: .rodata]...
Writing   12 bytes at c1ec [section: .rodata2]...
Writing 2072 bytes at c1f8 [section: .text]...
Writing    6 bytes at ca10 [section: .data]...
Done, 2584 bytes total
[student@localhost p2sw-demo]$ make load
msp430-elf-gcc -mmcu=msp430g2553 -Os -I../h   -c -o p2sw-demo.o p2sw-demo.c
p2sw-demo.c: In function 'main':
p2sw-demo.c:27:42: warning: pointer/integer type mismatch in conditional expression
       str[i] = (switches & (1<<i)) ? '-' : "up"//'0'+i;
                                          ^
p2sw-demo.c:27:14: warning: assignment makes integer from pointer without a cast [-Wint-conversion]
       str[i] = (switches & (1<<i)) ? '-' : "up"//'0'+i;
              ^
p2sw-demo.c:28:5: error: expected ';' before 'str'
     str[4] = 0;
     ^~~
make: *** [<builtin>: p2sw-demo.o] Error 1
[student@localhost p2sw-demo]$ make load
msp430-elf-gcc -mmcu=msp430g2553 -Os -I../h   -c -o p2sw-demo.o p2sw-demo.c
p2sw-demo.c: In function 'main':
p2sw-demo.c:27:42: warning: pointer/integer type mismatch in conditional expression
       str[i] = (switches & (1<<i)) ? '-' : "up";//'0'+i;
                                          ^
p2sw-demo.c:27:14: warning: assignment makes integer from pointer without a cast [-Wint-conversion]
       str[i] = (switches & (1<<i)) ? '-' : "up";//'0'+i;
              ^
msp430-elf-gcc -mmcu=msp430g2553 -Os -I../h -L../lib -L/opt/ti/msp430_gcc/include/  -o p2sw-demo.elf p2sw-demo.o -lLcd -lp2sw -lTimer
mspdebug rf2500 "prog p2sw-demo.elf"
MSPDebug version 0.23 - debugging tool for MSP430 MCUs
Copyright (C) 2009-2015 Daniel Beer <dlbeer@gmail.com>
This is free software; see the source for copying conditions.  There is NO
warranty; not even for MERCHANTABILITY or FITNESS FOR A PARTICULAR PURPOSE.
Chip info database from MSP430.dll v3.3.1.4 Copyright (C) 2013 TI, Inc.

Trying to open interface 1 on 004
rf2500: warning: can't detach kernel driver: No such file or directory
Initializing FET...
FET protocol version is 30394216
Set Vcc: 3000 mV
Configured for Spy-Bi-Wire
fet: FET returned error code 4 (Could not find device or device not supported)
fet: command C_IDENT1 failed
Using Olimex identification procedure
Device ID: 0x2553
  Code start address: 0xc000
  Code size         : 16384 byte = 16 kb
  RAM  start address: 0x200
  RAM  end   address: 0x3ff
  RAM  size         : 512 byte = 0 kb
Device: MSP430G2xx3
Number of breakpoints: 2
fet: FET returned NAK
warning: device does not support power profiling
Chip ID data: 25 53
Erasing...
Programming...
Writing    2 bytes at ffe6 [section: __interrupt_vector_4]...
Writing    2 bytes at fffe [section: __reset_vector]...
Writing  493 bytes at c000 [section: .rodata]...
Writing   12 bytes at c1f0 [section: .rodata2]...
Writing 2062 bytes at c1fc [section: .text]...
Writing    6 bytes at ca0a [section: .data]...
Done, 2577 bytes total
[student@localhost p2sw-demo]$ make load
msp430-elf-gcc -mmcu=msp430g2553 -Os -I../h   -c -o p2sw-demo.o p2sw-demo.c
msp430-elf-gcc -mmcu=msp430g2553 -Os -I../h -L../lib -L/opt/ti/msp430_gcc/include/  -o p2sw-demo.elf p2sw-demo.o -lLcd -lp2sw -lTimer
mspdebug rf2500 "prog p2sw-demo.elf"
MSPDebug version 0.23 - debugging tool for MSP430 MCUs
Copyright (C) 2009-2015 Daniel Beer <dlbeer@gmail.com>
This is free software; see the source for copying conditions.  There is NO
warranty; not even for MERCHANTABILITY or FITNESS FOR A PARTICULAR PURPOSE.
Chip info database from MSP430.dll v3.3.1.4 Copyright (C) 2013 TI, Inc.

Trying to open interface 1 on 004
rf2500: warning: can't detach kernel driver: No such file or directory
Initializing FET...
FET protocol version is 30394216
Set Vcc: 3000 mV
Configured for Spy-Bi-Wire
fet: FET returned error code 4 (Could not find device or device not supported)
fet: command C_IDENT1 failed
Using Olimex identification procedure
Device ID: 0x2553
  Code start address: 0xc000
  Code size         : 16384 byte = 16 kb
  RAM  start address: 0x200
  RAM  end   address: 0x3ff
  RAM  size         : 512 byte = 0 kb
Device: MSP430G2xx3
Number of breakpoints: 2
fet: FET returned NAK
warning: device does not support power profiling
Chip ID data: 25 53
Erasing...
Programming...
Writing    2 bytes at ffe6 [section: __interrupt_vector_4]...
Writing    2 bytes at fffe [section: __reset_vector]...
Writing  490 bytes at c000 [section: .rodata]...
Writing   12 bytes at c1ec [section: .rodata2]...
Writing 2072 bytes at c1f8 [section: .text]...
Writing    6 bytes at ca10 [section: .data]...
Done, 2584 bytes total
[student@localhost p2sw-demo]$ make load
msp430-elf-gcc -mmcu=msp430g2553 -Os -I../h   -c -o p2sw-demo.o p2sw-demo.c
msp430-elf-gcc -mmcu=msp430g2553 -Os -I../h -L../lib -L/opt/ti/msp430_gcc/include/  -o p2sw-demo.elf p2sw-demo.o -lLcd -lp2sw -lTimer
mspdebug rf2500 "prog p2sw-demo.elf"
MSPDebug version 0.23 - debugging tool for MSP430 MCUs
Copyright (C) 2009-2015 Daniel Beer <dlbeer@gmail.com>
This is free software; see the source for copying conditions.  There is NO
warranty; not even for MERCHANTABILITY or FITNESS FOR A PARTICULAR PURPOSE.
Chip info database from MSP430.dll v3.3.1.4 Copyright (C) 2013 TI, Inc.

Trying to open interface 1 on 004
rf2500: warning: can't detach kernel driver: No such file or directory
Initializing FET...
FET protocol version is 30394216
Set Vcc: 3000 mV
Configured for Spy-Bi-Wire
fet: FET returned error code 4 (Could not find device or device not supported)
fet: command C_IDENT1 failed
Using Olimex identification procedure
Device ID: 0x2553
  Code start address: 0xc000
  Code size         : 16384 byte = 16 kb
  RAM  start address: 0x200
  RAM  end   address: 0x3ff
  RAM  size         : 512 byte = 0 kb
Device: MSP430G2xx3
Number of breakpoints: 2
fet: FET returned NAK
warning: device does not support power profiling
Chip ID data: 25 53
Erasing...
Programming...
Writing    2 bytes at ffe6 [section: __interrupt_vector_4]...
Writing    2 bytes at fffe [section: __reset_vector]...
Writing  495 bytes at c000 [section: .rodata]...
Writing   12 bytes at c1f0 [section: .rodata2]...
Writing 2094 bytes at c1fc [section: .text]...
Writing    6 bytes at ca2a [section: .data]...
Done, 2611 bytes total
[student@localhost p2sw-demo]$ make load
msp430-elf-gcc -mmcu=msp430g2553 -Os -I../h   -c -o p2sw-demo.o p2sw-demo.c
p2sw-demo.c: In function 'main':
p2sw-demo.c:31:6: error: 'str' undeclared (first use in this function)
   if(str == 0){
      ^~~
p2sw-demo.c:31:6: note: each undeclared identifier is reported only once for each function it appears in
make: *** [<builtin>: p2sw-demo.o] Error 1
[student@localhost p2sw-demo]$ make load
msp430-elf-gcc -mmcu=msp430g2553 -Os -I../h   -c -o p2sw-demo.o p2sw-demo.c
p2sw-demo.c: In function 'main':
p2sw-demo.c:31:6: error: 'str' undeclared (first use in this function)
   if(str[i] == 0){
      ^~~
p2sw-demo.c:31:6: note: each undeclared identifier is reported only once for each function it appears in
p2sw-demo.c:31:10: error: 'i' undeclared (first use in this function)
   if(str[i] == 0){
          ^
make: *** [<builtin>: p2sw-demo.o] Error 1
[student@localhost p2sw-demo]$ make load
msp430-elf-gcc -mmcu=msp430g2553 -Os -I../h   -c -o p2sw-demo.o p2sw-demo.c
p2sw-demo.c: In function 'main':
p2sw-demo.c:29:26: warning: passing argument 3 of 'drawString5x7' makes pointer from integer without a cast [-Wint-conversion]
     drawString5x7(20,20, switches, COLOR_RED, COLOR_BLUE);
                          ^~~~~~~~
In file included from p2sw-demo.c:7:0:
../h/lcddraw.h:44:6: note: expected 'char *' but argument is of type 'u_int {aka unsigned int}'
 void drawString5x7(u_char col, u_char row, char *string,
      ^~~~~~~~~~~~~
p2sw-demo.c:31:6: error: 'str' undeclared (first use in this function)
   if(str == 0){
      ^~~
p2sw-demo.c:31:6: note: each undeclared identifier is reported only once for each function it appears in
make: *** [<builtin>: p2sw-demo.o] Error 1
[student@localhost p2sw-demo]$ make load
msp430-elf-gcc -mmcu=msp430g2553 -Os -I../h   -c -o p2sw-demo.o p2sw-demo.c
p2sw-demo.c: In function 'main':
p2sw-demo.c:29:26: warning: passing argument 3 of 'drawString5x7' makes pointer from integer without a cast [-Wint-conversion]
     drawString5x7(20,20, switches, COLOR_RED, COLOR_BLUE);
                          ^~~~~~~~
In file included from p2sw-demo.c:7:0:
../h/lcddraw.h:44:6: note: expected 'char *' but argument is of type 'u_int {aka unsigned int}'
 void drawString5x7(u_char col, u_char row, char *string,
      ^~~~~~~~~~~~~
msp430-elf-gcc -mmcu=msp430g2553 -Os -I../h -L../lib -L/opt/ti/msp430_gcc/include/  -o p2sw-demo.elf p2sw-demo.o -lLcd -lp2sw -lTimer
mspdebug rf2500 "prog p2sw-demo.elf"
MSPDebug version 0.23 - debugging tool for MSP430 MCUs
Copyright (C) 2009-2015 Daniel Beer <dlbeer@gmail.com>
This is free software; see the source for copying conditions.  There is NO
warranty; not even for MERCHANTABILITY or FITNESS FOR A PARTICULAR PURPOSE.
Chip info database from MSP430.dll v3.3.1.4 Copyright (C) 2013 TI, Inc.

Trying to open interface 1 on 004
rf2500: warning: can't detach kernel driver: No such file or directory
Initializing FET...
FET protocol version is 30394216
Set Vcc: 3000 mV
Configured for Spy-Bi-Wire
fet: FET returned error code 4 (Could not find device or device not supported)
fet: command C_IDENT1 failed
Using Olimex identification procedure
Device ID: 0x2553
  Code start address: 0xc000
  Code size         : 16384 byte = 16 kb
  RAM  start address: 0x200
  RAM  end   address: 0x3ff
  RAM  size         : 512 byte = 0 kb
Device: MSP430G2xx3
Number of breakpoints: 2
fet: FET returned NAK
warning: device does not support power profiling
Chip ID data: 25 53
Erasing...
Programming...
Writing    2 bytes at ffe6 [section: __interrupt_vector_4]...
Writing    2 bytes at fffe [section: __reset_vector]...
Writing  490 bytes at c000 [section: .rodata]...
Writing   12 bytes at c1ec [section: .rodata2]...
Writing 1888 bytes at c1f8 [section: .text]...
Writing    6 bytes at c958 [section: .data]...
Done, 2400 bytes total
[student@localhost p2sw-demo]$ make load
msp430-elf-gcc -mmcu=msp430g2553 -Os -I../h   -c -o p2sw-demo.o p2sw-demo.c
msp430-elf-gcc -mmcu=msp430g2553 -Os -I../h -L../lib -L/opt/ti/msp430_gcc/include/  -o p2sw-demo.elf p2sw-demo.o -lLcd -lp2sw -lTimer
mspdebug rf2500 "prog p2sw-demo.elf"
MSPDebug version 0.23 - debugging tool for MSP430 MCUs
Copyright (C) 2009-2015 Daniel Beer <dlbeer@gmail.com>
This is free software; see the source for copying conditions.  There is NO
warranty; not even for MERCHANTABILITY or FITNESS FOR A PARTICULAR PURPOSE.
Chip info database from MSP430.dll v3.3.1.4 Copyright (C) 2013 TI, Inc.

Trying to open interface 1 on 004
rf2500: warning: can't detach kernel driver: No such file or directory
Initializing FET...
FET protocol version is 30394216
Set Vcc: 3000 mV
Configured for Spy-Bi-Wire
fet: FET returned error code 4 (Could not find device or device not supported)
fet: command C_IDENT1 failed
Using Olimex identification procedure
Device ID: 0x2553
  Code start address: 0xc000
  Code size         : 16384 byte = 16 kb
  RAM  start address: 0x200
  RAM  end   address: 0x3ff
  RAM  size         : 512 byte = 0 kb
Device: MSP430G2xx3
Number of breakpoints: 2
fet: FET returned NAK
warning: device does not support power profiling
Chip ID data: 25 53
Erasing...
Programming...
Writing    2 bytes at ffe6 [section: __interrupt_vector_4]...
Writing    2 bytes at fffe [section: __reset_vector]...
Writing  490 bytes at c000 [section: .rodata]...
Writing   12 bytes at c1ec [section: .rodata2]...
Writing 2072 bytes at c1f8 [section: .text]...
Writing    6 bytes at ca10 [section: .data]...
Done, 2584 bytes total
[student@localhost p2sw-demo]$ dir
Makefile  p2sw-demo.c  p2sw-demo.elf  p2sw-demo.o  *shell*  #*shell*#
[student@localhost p2sw-demo]$ cd ..
[student@localhost project-3-jgonzales10]$ dir
circleLib  h	   lib	     p2sw-demo	README.md  shape-motion-demo
Doxyfile   lcdLib  Makefile  p2swLib	shapeLib   timerLib
[student@localhost project-3-jgonzales10]$ cd shape-motion-demo
[student@localhost shape-motion-demo]$ make load
msp430-elf-gcc -mmcu=msp430g2553 -Os -I../h   -c -o shapemotion.o shapemotion.c
msp430-elf-gcc -mmcu=msp430g2553 -Os -I../h -L../lib -L/opt/ti/msp430_gcc/include/  -o shapemotion.elf shapemotion.o wdt_handler.o -lTimer -lLcd -lShape -lCircle -lp2sw
mspdebug rf2500 "prog shapemotion.elf"
MSPDebug version 0.23 - debugging tool for MSP430 MCUs
Copyright (C) 2009-2015 Daniel Beer <dlbeer@gmail.com>
This is free software; see the source for copying conditions.  There is NO
warranty; not even for MERCHANTABILITY or FITNESS FOR A PARTICULAR PURPOSE.
Chip info database from MSP430.dll v3.3.1.4 Copyright (C) 2013 TI, Inc.

Trying to open interface 1 on 004
rf2500: warning: can't detach kernel driver: No such file or directory
Initializing FET...
FET protocol version is 30394216
Set Vcc: 3000 mV
Configured for Spy-Bi-Wire
fet: FET returned error code 4 (Could not find device or device not supported)
fet: command C_IDENT1 failed
Using Olimex identification procedure
Device ID: 0x2553
  Code start address: 0xc000
  Code size         : 16384 byte = 16 kb
  RAM  start address: 0x200
  RAM  end   address: 0x3ff
  RAM  size         : 512 byte = 0 kb
Device: MSP430G2xx3
Number of breakpoints: 2
fet: FET returned NAK
warning: device does not support power profiling
Chip ID data: 25 53
Erasing...
Programming...
Writing    2 bytes at ffe6 [section: __interrupt_vector_4]...
Writing    2 bytes at fff4 [section: __interrupt_vector_11]...
Writing    2 bytes at fffe [section: __reset_vector]...
Writing   54 bytes at c000 [section: .rodata]...
Writing   12 bytes at c038 [section: .rodata2]...
Writing 2942 bytes at c044 [section: .text]...
Writing  172 bytes at cbc2 [section: .data]...
Done, 3186 bytes total
[student@localhost shape-motion-demo]$ make load
msp430-elf-gcc -mmcu=msp430g2553 -Os -I../h   -c -o shapemotion.o shapemotion.c
shapemotion.c:19:1: error: expected identifier or '(' before 'for'
 for(int i = 0; i < 9; i+=2){
 ^~~
shapemotion.c:19:18: error: expected '=', ',', ';', 'asm' or '__attribute__' before '<' token
 for(int i = 0; i < 9; i+=2){
                  ^
shapemotion.c:19:24: error: expected '=', ',', ';', 'asm' or '__attribute__' before '+=' token
 for(int i = 0; i < 9; i+=2){
                        ^~
shapemotion.c:33:40: error: 'abSlicedCircleCheck' undeclared here (not in a function)
 AbCircle circleC = {abCircleGetBounds, abSlicedCircleCheck, chordVec20, 20};
                                        ^~~~~~~~~~~~~~~~~~~
make: *** [<builtin>: shapemotion.o] Error 1
[student@localhost shape-motion-demo]$ make load
msp430-elf-gcc -mmcu=msp430g2553 -Os -I../h   -c -o shapemotion.o shapemotion.c
shapemotion.c:20:1: error: expected identifier or '(' before 'for'
 for(i = 0; i < 9; i+=2){
 ^~~
shapemotion.c:20:14: error: expected '=', ',', ';', 'asm' or '__attribute__' before '<' token
 for(i = 0; i < 9; i+=2){
              ^
shapemotion.c:20:20: error: expected '=', ',', ';', 'asm' or '__attribute__' before '+=' token
 for(i = 0; i < 9; i+=2){
                    ^~
shapemotion.c:34:40: error: 'abSlicedCircleCheck' undeclared here (not in a function)
 AbCircle circleC = {abCircleGetBounds, abSlicedCircleCheck, chordVec20, 20};
                                        ^~~~~~~~~~~~~~~~~~~
make: *** [<builtin>: shapemotion.o] Error 1
[student@localhost shape-motion-demo]$ make load
msp430-elf-gcc -mmcu=msp430g2553 -Os -I../h   -c -o shapemotion.o shapemotion.c
shapemotion.c:20:1: error: expected identifier or '(' before 'for'
 for(i = 0; i < 9; i+=2){
 ^~~
shapemotion.c:20:14: error: expected '=', ',', ';', 'asm' or '__attribute__' before '<' token
 for(i = 0; i < 9; i+=2){
              ^
shapemotion.c:20:20: error: expected '=', ',', ';', 'asm' or '__attribute__' before '+=' token
 for(i = 0; i < 9; i+=2){
                    ^~
shapemotion.c:34:40: error: 'abSlicedCircleCheck' undeclared here (not in a function)
 AbCircle circleC = {abCircleGetBounds, abSlicedCircleCheck, chordVec20, 20};
                                        ^~~~~~~~~~~~~~~~~~~
make: *** [<builtin>: shapemotion.o] Error 1
[student@localhost shape-motion-demo]$ make load
msp430-elf-gcc -mmcu=msp430g2553 -Os -I../h   -c -o shapemotion.o shapemotion.c
shapemotion.c:20:1: error: expected identifier or '(' before 'for'
 for(i = 0; i < 9; i+=2){
 ^~~
shapemotion.c:20:14: error: expected '=', ',', ';', 'asm' or '__attribute__' before '<' token
 for(i = 0; i < 9; i+=2){
              ^
shapemotion.c:20:20: error: expected '=', ',', ';', 'asm' or '__attribute__' before '+=' token
 for(i = 0; i < 9; i+=2){
                    ^~
shapemotion.c:34:40: error: 'abSlicedCircleCheck' undeclared here (not in a function)
 AbCircle circleC = {abCircleGetBounds, abSlicedCircleCheck, chordVec20, 20};
                                        ^~~~~~~~~~~~~~~~~~~
make: *** [<builtin>: shapemotion.o] Error 1
[student@localhost shape-motion-demo]$ make load
msp430-elf-gcc -mmcu=msp430g2553 -Os -I../h   -c -o shapemotion.o shapemotion.c
shapemotion.c:20:1: error: expected identifier or '(' before 'for'
 for (i = 0; i < 9; i+=2){
 ^~~
shapemotion.c:20:15: error: expected '=', ',', ';', 'asm' or '__attribute__' before '<' token
 for (i = 0; i < 9; i+=2){
               ^
shapemotion.c:20:21: error: expected '=', ',', ';', 'asm' or '__attribute__' before '+=' token
 for (i = 0; i < 9; i+=2){
                     ^~
shapemotion.c:34:40: error: 'abSlicedCircleCheck' undeclared here (not in a function)
 AbCircle circleC = {abCircleGetBounds, abSlicedCircleCheck, chordVec20, 20};
                                        ^~~~~~~~~~~~~~~~~~~
make: *** [<builtin>: shapemotion.o] Error 1
[student@localhost shape-motion-demo]$ make load
msp430-elf-gcc -mmcu=msp430g2553 -Os -I../h   -c -o shapemotion.o shapemotion.c
shapemotion.c:20:1: error: expected identifier or '(' before 'for'
 for(size = 0; size < 9; size += 2){
 ^~~
shapemotion.c:20:20: error: expected '=', ',', ';', 'asm' or '__attribute__' before '<' token
 for(size = 0; size < 9; size += 2){
                    ^
shapemotion.c:20:30: error: expected '=', ',', ';', 'asm' or '__attribute__' before '+=' token
 for(size = 0; size < 9; size += 2){
                              ^~
shapemotion.c:34:40: error: 'abSlicedCircleCheck' undeclared here (not in a function)
 AbCircle circleC = {abCircleGetBounds, abSlicedCircleCheck, chordVec20, 20};
                                        ^~~~~~~~~~~~~~~~~~~
make: *** [<builtin>: shapemotion.o] Error 1
[student@localhost shape-motion-demo]$ make load
msp430-elf-gcc -mmcu=msp430g2553 -Os -I../h   -c -o shapemotion.o shapemotion.c
shapemotion.c:20:2: error: expected identifier or '(' before 'for'
 (for(size = 0; size < 9; size += 2){
  ^~~
make: *** [<builtin>: shapemotion.o] Error 1
[student@localhost shape-motion-demo]$ make load
msp430-elf-gcc -mmcu=msp430g2553 -Os -I../h   -c -o shapemotion.o shapemotion.c
shapemotion.c:20:1: error: expected identifier or '(' before 'for'
 for(size = 0; size < 9; size += 2){
 ^~~
shapemotion.c:20:20: error: expected '=', ',', ';', 'asm' or '__attribute__' before '<' token
 for(size = 0; size < 9; size += 2){
                    ^
shapemotion.c:20:30: error: expected '=', ',', ';', 'asm' or '__attribute__' before '+=' token
 for(size = 0; size < 9; size += 2){
                              ^~
shapemotion.c:34:40: error: 'abSlicedCircleCheck' undeclared here (not in a function)
 AbCircle circleC = {abCircleGetBounds, abSlicedCircleCheck, chordVec20, 20};
                                        ^~~~~~~~~~~~~~~~~~~
make: *** [<builtin>: shapemotion.o] Error 1
[student@localhost shape-motion-demo]$ make load
msp430-elf-gcc -mmcu=msp430g2553 -Os -I../h   -c -o shapemotion.o shapemotion.c
shapemotion.c:20:1: error: expected identifier or '(' before 'for'
 for(size = 0; size < 9; size += 2){
 ^~~
shapemotion.c:20:20: error: expected '=', ',', ';', 'asm' or '__attribute__' before '<' token
 for(size = 0; size < 9; size += 2){
                    ^
shapemotion.c:20:30: error: expected '=', ',', ';', 'asm' or '__attribute__' before '+=' token
 for(size = 0; size < 9; size += 2){
                              ^~
shapemotion.c:34:40: error: 'abSlicedCircleCheck' undeclared here (not in a function)
 AbCircle circleC = {abCircleGetBounds, abSlicedCircleCheck, chordVec20, 20};
                                        ^~~~~~~~~~~~~~~~~~~
make: *** [<builtin>: shapemotion.o] Error 1
[student@localhost shape-motion-demo]$ make load
msp430-elf-gcc -mmcu=msp430g2553 -Os -I../h   -c -o shapemotion.o shapemotion.c
shapemotion.c: In function 'abSlicedCircleCheck':
shapemotion.c:27:44: error: 'size' undeclared (first use in this function)
   if(relPos.axes[0] >= 0 && relPos.axes[0]/size <= relPos.axes[1])
                                            ^~~~
shapemotion.c:27:44: note: each undeclared identifier is reported only once for each function it appears in
make: *** [<builtin>: shapemotion.o] Error 1
[student@localhost shape-motion-demo]$ make load
msp430-elf-gcc -mmcu=msp430g2553 -Os -I../h   -c -o shapemotion.o shapemotion.c
msp430-elf-gcc -mmcu=msp430g2553 -Os -I../h -L../lib -L/opt/ti/msp430_gcc/include/  -o shapemotion.elf shapemotion.o wdt_handler.o -lTimer -lLcd -lShape -lCircle -lp2sw
mspdebug rf2500 "prog shapemotion.elf"
MSPDebug version 0.23 - debugging tool for MSP430 MCUs
Copyright (C) 2009-2015 Daniel Beer <dlbeer@gmail.com>
This is free software; see the source for copying conditions.  There is NO
warranty; not even for MERCHANTABILITY or FITNESS FOR A PARTICULAR PURPOSE.
Chip info database from MSP430.dll v3.3.1.4 Copyright (C) 2013 TI, Inc.

Trying to open interface 1 on 004
rf2500: warning: can't detach kernel driver: No such file or directory
Initializing FET...
FET protocol version is 30394216
Set Vcc: 3000 mV
Configured for Spy-Bi-Wire
fet: FET returned error code 4 (Could not find device or device not supported)
fet: command C_IDENT1 failed
Using Olimex identification procedure
Device ID: 0x2553
  Code start address: 0xc000
  Code size         : 16384 byte = 16 kb
  RAM  start address: 0x200
  RAM  end   address: 0x3ff
  RAM  size         : 512 byte = 0 kb
Device: MSP430G2xx3
Number of breakpoints: 2
fet: FET returned NAK
warning: device does not support power profiling
Chip ID data: 25 53
Erasing...
Programming...
Writing    2 bytes at ffe6 [section: __interrupt_vector_4]...
Writing    2 bytes at fff4 [section: __interrupt_vector_11]...
Writing    2 bytes at fffe [section: __reset_vector]...
Writing   54 bytes at c000 [section: .rodata]...
Writing   12 bytes at c038 [section: .rodata2]...
Writing 2942 bytes at c044 [section: .text]...
Writing  172 bytes at cbc2 [section: .data]...
Done, 3186 bytes total
[student@localhost shape-motion-demo]$ 