 ________________________________________
/ Such a fine first dream! But they      \
| laughed at me; they said I had made it |
\ up.                                    /
 ----------------------------------------
        \   ^__^
         \  (oo)\_______
            (__)\       )\/\
                ||----w |
                ||     ||
[student@localhost lcdLib]$dir
font-11x16.c  font-5x7.o   lcddemo.c  lcddraw.o   lcdutils.h  README.md
font-11x16.o  font-8x12.c  lcddraw.c  lcdtypes.h  lcdutils.o
font-5x7.c    font-8x12.o  lcddraw.h  lcdutils.c  Makefile
[student@localhost lcdLib]$ cd ..
[student@localhost project-3-jgonzales10]$ dir
circleLib  h	   lib	     p2sw-demo	README.md  shape-motion-demo
Doxyfile   lcdLib  Makefile  p2swLib	shapeLib   timerLib
[student@localhost project-3-jgonzales10]$ cd lcdLib
[student@localhost lcdLib]$ dir
font-11x16.c  font-5x7.o   lcddemo.c  lcddraw.o   lcdutils.h  README.md
font-11x16.o  font-8x12.c  lcddraw.c  lcdtypes.h  lcdutils.o
font-5x7.c    font-8x12.o  lcddraw.h  lcdutils.c  Makefile
[student@localhost lcdLib]$ make load
msp430-elf-gcc -mmcu=msp430g2553 -Os -I../h    -c -o lcddemo.o lcddemo.c
msp430-elf-ar crs libLcd.a font-11x16.o font-5x7.o font-8x12.o lcdutils.o lcddraw.o
msp430-elf-gcc -mmcu=msp430g2553 -Os -I../h  -L/opt/ti/msp430_gcc/include -L../lib  lcddemo.o libLcd.a -o lcddemo.elf -lTimer 
mspdebug rf2500 "prog lcddemo.elf"
MSPDebug version 0.23 - debugging tool for MSP430 MCUs
Copyright (C) 2009-2015 Daniel Beer <dlbeer@gmail.com>
This is free software; see the source for copying conditions.  There is NO
warranty; not even for MERCHANTABILITY or FITNESS FOR A PARTICULAR PURPOSE.
Chip info database from MSP430.dll v3.3.1.4 Copyright (C) 2013 TI, Inc.

Trying to open interface 1 on 004
Initializing FET...
FET protocol version is 30394216
Set Vcc: 3000 mV
Configured for Spy-Bi-Wire
Device ID: 0x2553
  Code start address: 0xc000
  Code size         : 16384 byte = 16 kb
  RAM  start address: 0x200
  RAM  end   address: 0x3ff
  RAM  size         : 512 byte = 0 kb
Device: MSP430G2xx3
Number of breakpoints: 2
fet: FET returned NAK
warning: device does not support power profiling
Chip ID data: 25 53
Erasing...
Programming...
Writing    2 bytes at fffe [section: __reset_vector]...
Writing  490 bytes at c000 [section: .rodata]...
Writing   12 bytes at c1ec [section: .rodata2]...
Writing 1770 bytes at c1f8 [section: .text]...
Writing  128 bytes at c8e2 [section: .data]...
Done, 2402 bytes total
[student@localhost lcdLib]$ dir
font-11x16.c  font-8x12.c  lcddemo.o  lcdtypes.h  libLcd.a
font-11x16.o  font-8x12.o  lcddraw.c  lcdutils.c  Makefile
font-5x7.c    lcddemo.c    lcddraw.h  lcdutils.h  README.md
font-5x7.o    lcddemo.elf  lcddraw.o  lcdutils.o
[student@localhost lcdLib]$ cd ..
[student@localhost project-3-jgonzales10]$ dir
circleLib  h	   lib	     p2sw-demo	README.md  shape-motion-demo
Doxyfile   lcdLib  Makefile  p2swLib	shapeLib   timerLib
[student@localhost project-3-jgonzales10]$cd p2sw-demo/
[student@localhost p2sw-demo]$ make load
mspdebug rf2500 "prog p2sw-demo.elf"
MSPDebug version 0.23 - debugging tool for MSP430 MCUs
Copyright (C) 2009-2015 Daniel Beer <dlbeer@gmail.com>
This is free software; see the source for copying conditions.  There is NO
warranty; not even for MERCHANTABILITY or FITNESS FOR A PARTICULAR PURPOSE.
Chip info database from MSP430.dll v3.3.1.4 Copyright (C) 2013 TI, Inc.

Trying to open interface 1 on 004
rf2500: warning: can't detach kernel driver: No such file or directory
Initializing FET...
FET protocol version is 30394216
Set Vcc: 3000 mV
Configured for Spy-Bi-Wire
fet: FET returned error code 4 (Could not find device or device not supported)
fet: command C_IDENT1 failed
Using Olimex identification procedure
Device ID: 0x2553
  Code start address: 0xc000
  Code size         : 16384 byte = 16 kb
  RAM  start address: 0x200
  RAM  end   address: 0x3ff
  RAM  size         : 512 byte = 0 kb
Device: MSP430G2xx3
Number of breakpoints: 2
fet: FET returned NAK
warning: device does not support power profiling
Chip ID data: 25 53
Erasing...
Programming...
Writing    2 bytes at ffe6 [section: __interrupt_vector_4]...
Writing    2 bytes at fffe [section: __reset_vector]...
Writing  490 bytes at c000 [section: .rodata]...
Writing   12 bytes at c1ec [section: .rodata2]...
Writing 2072 bytes at c1f8 [section: .text]...
Writing    6 bytes at ca10 [section: .data]...
Done, 2584 bytes total
[student@localhost p2sw-demo]$ make load
msp430-elf-gcc -mmcu=msp430g2553 -Os -I../h   -c -o p2sw-demo.o p2sw-demo.c
msp430-elf-gcc -mmcu=msp430g2553 -Os -I../h -L../lib -L/opt/ti/msp430_gcc/include/  -o p2sw-demo.elf p2sw-demo.o -lLcd -lp2sw -lTimer
mspdebug rf2500 "prog p2sw-demo.elf"
MSPDebug version 0.23 - debugging tool for MSP430 MCUs
Copyright (C) 2009-2015 Daniel Beer <dlbeer@gmail.com>
This is free software; see the source for copying conditions.  There is NO
warranty; not even for MERCHANTABILITY or FITNESS FOR A PARTICULAR PURPOSE.
Chip info database from MSP430.dll v3.3.1.4 Copyright (C) 2013 TI, Inc.

Trying to open interface 1 on 004
rf2500: warning: can't detach kernel driver: No such file or directory
Initializing FET...
FET protocol version is 30394216
Set Vcc: 3000 mV
Configured for Spy-Bi-Wire
fet: FET returned error code 4 (Could not find device or device not supported)
fet: command C_IDENT1 failed
Using Olimex identification procedure
Device ID: 0x2553
  Code start address: 0xc000
  Code size         : 16384 byte = 16 kb
  RAM  start address: 0x200
  RAM  end   address: 0x3ff
  RAM  size         : 512 byte = 0 kb
Device: MSP430G2xx3
Number of breakpoints: 2
fet: FET returned NAK
warning: device does not support power profiling
Chip ID data: 25 53
Erasing...
Programming...
Writing    2 bytes at ffe6 [section: __interrupt_vector_4]...
Writing    2 bytes at fffe [section: __reset_vector]...
Writing  490 bytes at c000 [section: .rodata]...
Writing   12 bytes at c1ec [section: .rodata2]...
Writing 2072 bytes at c1f8 [section: .text]...
Writing    6 bytes at ca10 [section: .data]...
Done, 2584 bytes total
[student@localhost p2sw-demo]$ make load
msp430-elf-gcc -mmcu=msp430g2553 -Os -I../h   -c -o p2sw-demo.o p2sw-demo.c
msp430-elf-gcc -mmcu=msp430g2553 -Os -I../h -L../lib -L/opt/ti/msp430_gcc/include/  -o p2sw-demo.elf p2sw-demo.o -lLcd -lp2sw -lTimer
mspdebug rf2500 "prog p2sw-demo.elf"
MSPDebug version 0.23 - debugging tool for MSP430 MCUs
Copyright (C) 2009-2015 Daniel Beer <dlbeer@gmail.com>
This is free software; see the source for copying conditions.  There is NO
warranty; not even for MERCHANTABILITY or FITNESS FOR A PARTICULAR PURPOSE.
Chip info database from MSP430.dll v3.3.1.4 Copyright (C) 2013 TI, Inc.

Trying to open interface 1 on 004
rf2500: warning: can't detach kernel driver: No such file or directory
Initializing FET...
FET protocol version is 30394216
Set Vcc: 3000 mV
Configured for Spy-Bi-Wire
fet: FET returned error code 4 (Could not find device or device not supported)
fet: command C_IDENT1 failed
Using Olimex identification procedure
Device ID: 0x2553
  Code start address: 0xc000
  Code size         : 16384 byte = 16 kb
  RAM  start address: 0x200
  RAM  end   address: 0x3ff
  RAM  size         : 512 byte = 0 kb
Device: MSP430G2xx3
Number of breakpoints: 2
fet: FET returned NAK
warning: device does not support power profiling
Chip ID data: 25 53
Erasing...
Programming...
Writing    2 bytes at ffe6 [section: __interrupt_vector_4]...
Writing    2 bytes at fffe [section: __reset_vector]...
Writing  490 bytes at c000 [section: .rodata]...
Writing   12 bytes at c1ec [section: .rodata2]...
Writing 2072 bytes at c1f8 [section: .text]...
Writing    6 bytes at ca10 [section: .data]...
Done, 2584 bytes total
[student@localhost p2sw-demo]$ make load
msp430-elf-gcc -mmcu=msp430g2553 -Os -I../h   -c -o p2sw-demo.o p2sw-demo.c
msp430-elf-gcc -mmcu=msp430g2553 -Os -I../h -L../lib -L/opt/ti/msp430_gcc/include/  -o p2sw-demo.elf p2sw-demo.o -lLcd -lp2sw -lTimer
mspdebug rf2500 "prog p2sw-demo.elf"
MSPDebug version 0.23 - debugging tool for MSP430 MCUs
Copyright (C) 2009-2015 Daniel Beer <dlbeer@gmail.com>
This is free software; see the source for copying conditions.  There is NO
warranty; not even for MERCHANTABILITY or FITNESS FOR A PARTICULAR PURPOSE.
Chip info database from MSP430.dll v3.3.1.4 Copyright (C) 2013 TI, Inc.

Trying to open interface 1 on 004
rf2500: warning: can't detach kernel driver: No such file or directory
Initializing FET...
FET protocol version is 30394216
Set Vcc: 3000 mV
Configured for Spy-Bi-Wire
fet: FET returned error code 4 (Could not find device or device not supported)
fet: command C_IDENT1 failed
Using Olimex identification procedure
Device ID: 0x2553
  Code start address: 0xc000
  Code size         : 16384 byte = 16 kb
  RAM  start address: 0x200
  RAM  end   address: 0x3ff
  RAM  size         : 512 byte = 0 kb
Device: MSP430G2xx3
Number of breakpoints: 2
fet: FET returned NAK
warning: device does not support power profiling
Chip ID data: 25 53
Erasing...
Programming...
Writing    2 bytes at ffe6 [section: __interrupt_vector_4]...
Writing    2 bytes at fffe [section: __reset_vector]...
Writing  490 bytes at c000 [section: .rodata]...
Writing   12 bytes at c1ec [section: .rodata2]...
Writing 2070 bytes at c1f8 [section: .text]...
Writing    6 bytes at ca0e [section: .data]...
Done, 2582 bytes total
[student@localhost p2sw-demo]$ make load
msp430-elf-gcc -mmcu=msp430g2553 -Os -I../h   -c -o p2sw-demo.o p2sw-demo.c
msp430-elf-gcc -mmcu=msp430g2553 -Os -I../h -L../lib -L/opt/ti/msp430_gcc/include/  -o p2sw-demo.elf p2sw-demo.o -lLcd -lp2sw -lTimer
mspdebug rf2500 "prog p2sw-demo.elf"
MSPDebug version 0.23 - debugging tool for MSP430 MCUs
Copyright (C) 2009-2015 Daniel Beer <dlbeer@gmail.com>
This is free software; see the source for copying conditions.  There is NO
warranty; not even for MERCHANTABILITY or FITNESS FOR A PARTICULAR PURPOSE.
Chip info database from MSP430.dll v3.3.1.4 Copyright (C) 2013 TI, Inc.

Trying to open interface 1 on 004
rf2500: warning: can't detach kernel driver: No such file or directory
Initializing FET...
FET protocol version is 30394216
Set Vcc: 3000 mV
Configured for Spy-Bi-Wire
fet: FET returned error code 4 (Could not find device or device not supported)
fet: command C_IDENT1 failed
Using Olimex identification procedure
Device ID: 0x2553
  Code start address: 0xc000
  Code size         : 16384 byte = 16 kb
  RAM  start address: 0x200
  RAM  end   address: 0x3ff
  RAM  size         : 512 byte = 0 kb
Device: MSP430G2xx3
Number of breakpoints: 2
fet: FET returned NAK
warning: device does not support power profiling
Chip ID data: 25 53
Erasing...
Programming...
Writing    2 bytes at ffe6 [section: __interrupt_vector_4]...
Writing    2 bytes at fffe [section: __reset_vector]...
Writing  490 bytes at c000 [section: .rodata]...
Writing   12 bytes at c1ec [section: .rodata2]...
Writing 2072 bytes at c1f8 [section: .text]...
Writing    6 bytes at ca10 [section: .data]...
Done, 2584 bytes total
[student@localhost p2sw-demo]$ make load
msp430-elf-gcc -mmcu=msp430g2553 -Os -I../h   -c -o p2sw-demo.o p2sw-demo.c
p2sw-demo.c: In function 'main':
p2sw-demo.c:27:38: warning: multi-character character constant [-Wmultichar]
       str[i] = (switches & (1<<i)) ? 'up' : '0'+i;
                                      ^~~~
msp430-elf-gcc -mmcu=msp430g2553 -Os -I../h -L../lib -L/opt/ti/msp430_gcc/include/  -o p2sw-demo.elf p2sw-demo.o -lLcd -lp2sw -lTimer
mspdebug rf2500 "prog p2sw-demo.elf"
MSPDebug version 0.23 - debugging tool for MSP430 MCUs
Copyright (C) 2009-2015 Daniel Beer <dlbeer@gmail.com>
This is free software; see the source for copying conditions.  There is NO
warranty; not even for MERCHANTABILITY or FITNESS FOR A PARTICULAR PURPOSE.
Chip info database from MSP430.dll v3.3.1.4 Copyright (C) 2013 TI, Inc.

Trying to open interface 1 on 004
rf2500: warning: can't detach kernel driver: No such file or directory
Initializing FET...
FET protocol version is 30394216
Set Vcc: 3000 mV
Configured for Spy-Bi-Wire
fet: FET returned error code 4 (Could not find device or device not supported)
fet: command C_IDENT1 failed
Using Olimex identification procedure
Device ID: 0x2553
  Code start address: 0xc000
  Code size         : 16384 byte = 16 kb
  RAM  start address: 0x200
  RAM  end   address: 0x3ff
  RAM  size         : 512 byte = 0 kb
Device: MSP430G2xx3
Number of breakpoints: 2
fet: FET returned NAK
warning: device does not support power profiling
Chip ID data: 25 53
Erasing...
Programming...
Writing    2 bytes at ffe6 [section: __interrupt_vector_4]...
Writing    2 bytes at fffe [section: __reset_vector]...
Writing  490 bytes at c000 [section: .rodata]...
Writing   12 bytes at c1ec [section: .rodata2]...
Writing 2072 bytes at c1f8 [section: .text]...
Writing    6 bytes at ca10 [section: .data]...
Done, 2584 bytes total
[student@localhost p2sw-demo]$ make laod
make: *** No rule to make target 'laod'.  Stop.
[student@localhost p2sw-demo]$ make load
msp430-elf-gcc -mmcu=msp430g2553 -Os -I../h   -c -o p2sw-demo.o p2sw-demo.c
p2sw-demo.c: In function 'main':
p2sw-demo.c:27:43: warning: pointer/integer type mismatch in conditional expression
       str[i] = (switches & (1<<i)) ? "up" : '0'+i;
                                           ^
p2sw-demo.c:27:14: warning: assignment makes integer from pointer without a cast [-Wint-conversion]
       str[i] = (switches & (1<<i)) ? "up" : '0'+i;
              ^
msp430-elf-gcc -mmcu=msp430g2553 -Os -I../h -L../lib -L/opt/ti/msp430_gcc/include/  -o p2sw-demo.elf p2sw-demo.o -lLcd -lp2sw -lTimer
mspdebug rf2500 "prog p2sw-demo.elf"
MSPDebug version 0.23 - debugging tool for MSP430 MCUs
Copyright (C) 2009-2015 Daniel Beer <dlbeer@gmail.com>
This is free software; see the source for copying conditions.  There is NO
warranty; not even for MERCHANTABILITY or FITNESS FOR A PARTICULAR PURPOSE.
Chip info database from MSP430.dll v3.3.1.4 Copyright (C) 2013 TI, Inc.

Trying to open interface 1 on 004
rf2500: warning: can't detach kernel driver: No such file or directory
Initializing FET...
FET protocol version is 30394216
Set Vcc: 3000 mV
Configured for Spy-Bi-Wire
fet: FET returned error code 4 (Could not find device or device not supported)
fet: command C_IDENT1 failed
Using Olimex identification procedure
Device ID: 0x2553
  Code start address: 0xc000
  Code size         : 16384 byte = 16 kb
  RAM  start address: 0x200
  RAM  end   address: 0x3ff
  RAM  size         : 512 byte = 0 kb
Device: MSP430G2xx3
Number of breakpoints: 2
fet: FET returned NAK
warning: device does not support power profiling
Chip ID data: 25 53
Erasing...
Programming...
Writing    2 bytes at ffe6 [section: __interrupt_vector_4]...
Writing    2 bytes at fffe [section: __reset_vector]...
Writing  493 bytes at c000 [section: .rodata]...
Writing   12 bytes at c1f0 [section: .rodata2]...
Writing 2072 bytes at c1fc [section: .text]...
Writing    6 bytes at ca14 [section: .data]...
Done, 2587 bytes total
[student@localhost p2sw-demo]$ 